// Jest Snapshot v1, https://goo.gl/fbAQLP

exports[`Using Current Theme Halloween Items with death date in past should render correctly 1`] = `
<ListItem>
  <IconContainer>
    <Icon
      alt="Ghost"
      src="assets/halloween/ghost.svg"
    />
    <AgeRange>
      2015
       - 
      2017
    </AgeRange>
  </IconContainer>
  <ContentContainer>
    <h2>
      <a
        href="https://en.wikipedia.org/wiki/Nexus_One"
      >
        Google Nexus One
      </a>
    </h2>
    <Description>
      <span>
        Killed 10 months ago, 
      </span>
      The Nexus One (codenamed HTC Passion) is an Android smartphone designed and manufactured by HTC as Google's first Nexus smartphone.
       It was about 2 years old.
    </Description>
  </ContentContainer>
</ListItem>
`;
