// Jest Snapshot v1, https://goo.gl/fbAQLP

exports[`Search Component matches snapshot 1`] = `
<styled.div>
  <label
    aria-label="Search"
    htmlFor="searchBox"
  >
    <span
      style={
        Object {
          "display": "none",
        }
      }
    >
      Search
    </span>
    <styled.input
      id="searchBox"
      onChange={[Function]}
      placeholder="Search"
      type="text"
      value=""
    />
  </label>
</styled.div>
`;
